// Jest Snapshot v1, https://goo.gl/fbAQLP

exports[`example should be matched snapshot 1`] = `
<DocumentFragment>
  <div
    class="flex flex-col items-center justify-center w-full py-10 font-bold text-9xl after:block after:w-full after:h-1 after:bg-red-100"
  >
    Example
  </div>
</DocumentFragment>
`;
